173.203.90.149 - - [21/Jul/2010:03:42:03 +0000] "GET //phpMyAdmin2/config/config.inc.php?p=phpinfo(); HTTP/1.0" 404 1239 "-" "Mozilla/4.0 (compatible; MSIE 6.0; Windows 98)"
173.203.90.149 - - [21/Jul/2010:03:42:03 +0000] "GET //phpmanager/config/config.inc.php?p=phpinfo(); HTTP/1.0" 404 1237 "-" "Mozilla/4.0 (compatible; MSIE 6.0; Windows 98)"
173.203.90.149 - - [21/Jul/2010:03:42:04 +0000] "GET //phpmy-admin/config/config.inc.php?p=phpinfo(); HTTP/1.0" 404 1238 "-" "Mozilla/4.0 (compatible; MSIE 6.0; Windows 98)"
173.203.90.149 - - [21/Jul/2010:03:42:04 +0000] "GET //phpmyadmin/config/config.inc.php?p=phpinfo(); HTTP/1.0" 404 1236 "-" "Mozilla/4.0 (compatible; MSIE 6.0; Windows 98)"
173.203.90.149 - - [21/Jul/2010:03:42:04 +0000] "GET //phpmyadmin2/config/config.inc.php?p=phpinfo(); HTTP/1.0" 404 1238 "-" "Mozilla/4.0 (compatible; MSIE 6.0; Windows 98)"
173.203.90.149 - - [21/Jul/2010:03:42:04 +0000] "GET //pma/config/config.inc.php?p=phpinfo(); HTTP/1.0" 404 1233 "-" "Mozilla/4.0 (compatible; MSIE 6.0; Windows 98)"
173.203.90.149 - - [21/Jul/2010:03:42:05 +0000] "GET //pma2005/config/config.inc.php?p=phpinfo(); HTTP/1.0" 404 1237 "-" "Mozilla/4.0 (compatible; MSIE 6.0; Windows 98)"
173.203.90.149 - - [21/Jul/2010:03:42:05 +0000] "GET //roundcube/config/config.inc.php?p=phpinfo(); HTTP/1.0" 404 1236 "-" "Mozilla/4.0 (compatible; MSIE 6.0; Windows 98)"
173.203.90.149 - - [21/Jul/2010:03:42:05 +0000] "GET //sl2/data/config/config.inc.php?p=phpinfo(); HTTP/1.0" 404 1236 "-" "Mozilla/4.0 (compatible; MSIE 6.0; Windows 98)"
173.203.90.149 - - [21/Jul/2010:03:42:05 +0000] "GET //sqlmanager/config/config.inc.php?p=phpinfo(); HTTP/1.0" 404 1238 "-" "Mozilla/4.0 (compatible; MSIE 6.0; Windows 98)"
173.203.90.149 - - [21/Jul/2010:03:42:06 +0000] "GET //sqlweb/config/config.inc.php?p=phpinfo(); HTTP/1.0" 404 1236 "-" "Mozilla/4.0 (compatible; MSIE 6.0; Windows 98)"
173.203.90.149 - - [21/Jul/2010:03:42:06 +0000] "GET //webadmin/config/config.inc.php?p=phpinfo(); HTTP/1.0" 404 1235 "-" "Mozilla/4.0 (compatible; MSIE 6.0; Windows 98)"
173.203.90.149 - - [21/Jul/2010:03:42:06 +0000] "GET //webdb/config/config.inc.php?p=phpinfo(); HTTP/1.0" 404 1235 "-" "Mozilla/4.0 (compatible; MSIE 6.0; Windows 98)"
173.203.90.149 - - [21/Jul/2010:03:42:06 +0000] "GET //websql/config/config.inc.php?p=phpinfo(); HTTP/1.0" 404 1236 "-" "Mozilla/4.0 (compatible; MSIE 6.0; Windows 98)"
173.203.90.149 - - [21/Jul/2010:11:36:20 +0000] "GET /proxyheader.php HTTP/1.0" 404 2379 "-" "Mozilla/4.0 (compatible; MSIE 6.0; Windows NT 5.1)"
58.218.204.110 - - [21/Jul/2010:16:56:41 +0000] "GET http://proxy.adsweet.com/proxyheader.php HTTP/1.1" 404 2439 "-" "Mozilla/4.0 (compatible; MSIE 6.0; Windows NT 5.1)"
58.218.204.110 - - [21/Jul/2010:19:14:17 +0000] "GET http://proxy.adsweet.com/proxyheader.php HTTP/1.1" 404 2457 "-" "Mozilla/4.0 (compatible; MSIE 6.0; Windows NT 5.1)"
173.203.90.149 - - [22/Jul/2010:03:20:51 +0000] "GET /proxyheader.php HTTP/1.0" 404 2401 "-" "Mozilla/4.0 (compatible; MSIE 6.0; Windows NT 5.1)"
58.218.204.110 - - [23/Jul/2010:10:01:51 +0000] "GET http://proxy.adsweet.com/proxyheader.php HTTP/1.1" 404 2457 "-" "Mozilla/4.0 (compatible; MSIE 6.0; Windows NT 5.1)"
173.203.90.149 - - [23/Jul/2010:13:21:29 +0000] "GET /proxyheader.php HTTP/1.0" 404 2379 "-" "Mozilla/4.0 (compatible; MSIE 6.0; Windows NT 5.1)"
173.203.90.149 - - [23/Jul/2010:16:48:50 +0000] "GET /proxyheader.php HTTP/1.0" 404 2401 "-" "Mozilla/4.0 (compatible; MSIE 6.0; Windows NT 5.1)"
123.81.144.174 - - [24/Jul/2010:04:18:46 +0000] "GET http://www.ebay.com/ HTTP/1.1" 200 786 "-" "Mozilla/4.0 (compatible; MSIE 4.01; Windows 95)"
123.81.144.174 - - [24/Jul/2010:06:41:17 +0000] "GET http://www.ebay.com/ HTTP/1.1" 200 786 "-" "Mozilla/4.0 (compatible; MSIE 4.01; Windows 95)"
173.1.147.105 - - [24/Jul/2010:22:57:36 +0000] "GET /w00tw00t.at.ISC.SANS.DFind:) HTTP/1.1" 400 507 "-" "-"
221.195.73.68 - - [25/Jul/2010:05:25:21 +0000] "GET http://216.245.205.74/judge.php HTTP/1.1" 404 2436 "-" "Mozilla/4.0 (compatible; MSIE 6.0; Windows NT 5.1)"
173.203.90.149 - - [25/Jul/2010:09:40:32 +0000] "GET /judge.php HTTP/1.0" 404 2380 "-" "Mozilla/4.0 (compatible; MSIE 6.0; Windows NT 5.1)"
173.203.90.149 - - [25/Jul/2010:12:29:50 +0000] "GET /judge.php HTTP/1.0" 404 2380 "-" "Mozilla/4.0 (compatible; MSIE 6.0; Windows NT 5.1)"
222.169.5.40 - - [25/Jul/2010:13:02:35 +0000] "GET http://www.sciencedirect.com/ HTTP/1.1" 200 805 "-" "Mozilla/4.06 [en] (Win98; I ;Nav)"
173.203.90.149 - - [25/Jul/2010:13:02:38 +0000] "GET / HTTP/1.0" 200 805 "-" "Mozilla/4.06 [en] (Win98; I ;Nav)"
173.203.90.149 - - [25/Jul/2010:14:33:21 +0000] "GET /judge.php HTTP/1.0" 404 2380 "-" "Mozilla/4.0 (compatible; MSIE 6.0; Windows NT 5.1)"
221.195.73.68 - - [25/Jul/2010:14:35:23 +0000] "GET http://216.245.205.74/judge.php HTTP/1.1" 404 2436 "-" "Mozilla/4.0 (compatible; MSIE 6.0; Windows NT 5.1)"
173.203.90.149 - - [25/Jul/2010:15:03:54 +0000] "GET / HTTP/1.0" 200 810 "-" "AcadiaUniversityWebCensusClient"
173.203.90.149 - - [25/Jul/2010:18:28:34 +0000] "GET /judge.php HTTP/1.0" 404 2380 "-" "Mozilla/4.0 (compatible; MSIE 6.0; Windows NT 5.1)"
221.195.73.68 - - [25/Jul/2010:18:28:53 +0000] "GET http://216.245.205.74/judge.php HTTP/1.1" 404 2418 "-" "Mozilla/4.0 (compatible; MSIE 6.0; Windows NT 5.1)"
221.195.73.68 - - [26/Jul/2010:22:06:11 +0000] "GET http://216.245.205.74/judge.php HTTP/1.1" 404 2418 "-" "Mozilla/4.0 (compatible; MSIE 6.0; Windows NT 5.1)"
221.195.73.68 - - [27/Jul/2010:12:06:22 +0000] "GET http://216.245.205.74/judge.php HTTP/1.1" 404 2418 "-" "Mozilla/4.0 (compatible; MSIE 6.0; Windows NT 5.1)"
173.203.90.149 - - [27/Jul/2010:14:55:44 +0000] "GET / HTTP/1.0" 200 630 "-" "Mozilla/5.0 (Macintosh; U; Intel Mac OS X 10.6; en-US; rv:1.9.2.7) Gecko/20100713 Firefox/3.6.7"
173.203.90.149 - - [27/Jul/2010:14:55:44 +0000] "GET /favicon.ico HTTP/1.0" 404 1213 "-" "Mozilla/5.0 (Macintosh; U; Intel Mac OS X 10.6; en-US; rv:1.9.2.7) Gecko/20100713 Firefox/3.6.7"
173.203.90.149 - - [27/Jul/2010:14:55:47 +0000] "GET /favicon.ico HTTP/1.0" 404 1213 "-" "Mozilla/5.0 (Macintosh; U; Intel Mac OS X 10.6; en-US; rv:1.9.2.7) Gecko/20100713 Firefox/3.6.7"
221.195.73.68 - - [27/Jul/2010:16:29:23 +0000] "GET http://216.245.205.74/judge.php HTTP/1.1" 404 2418 "-" "Mozilla/4.0 (compatible; MSIE 6.0; Windows NT 5.1)"
173.203.90.149 - - [27/Jul/2010:17:09:31 +0000] "POST /login/ HTTP/1.0" 200 650 "http://173.203.90.149/" "Mozilla/5.0 (Macintosh; U; Intel Mac OS X 10.6; en-US; rv:1.9.2.7) Gecko/20100713 Firefox/3.6.7"
173.203.90.149 - - [27/Jul/2010:17:09:35 +0000] "POST /login/ HTTP/1.0" 302 403 "http://173.203.90.149/login/" "Mozilla/5.0 (Macintosh; U; Intel Mac OS X 10.6; en-US; rv:1.9.2.7) Gecko/20100713 Firefox/3.6.7"
173.203.90.149 - - [27/Jul/2010:17:09:35 +0000] "GET /demo/ HTTP/1.0" 200 1787 "http://173.203.90.149/login/" "Mozilla/5.0 (Macintosh; U; Intel Mac OS X 10.6; en-US; rv:1.9.2.7) Gecko/20100713 Firefox/3.6.7"
173.203.90.149 - - [27/Jul/2010:17:10:43 +0000] "POST /demo/ HTTP/1.0" 200 2694 "http://173.203.90.149/demo/" "Mozilla/5.0 (Macintosh; U; Intel Mac OS X 10.6; en-US; rv:1.9.2.7) Gecko/20100713 Firefox/3.6.7"
173.203.90.149 - - [27/Jul/2010:17:11:29 +0000] "POST /demo/ HTTP/1.0" 200 2179 "http://173.203.90.149/demo/" "Mozilla/5.0 (Macintosh; U; Intel Mac OS X 10.6; en-US; rv:1.9.2.7) Gecko/20100713 Firefox/3.6.7"
173.203.90.149 - - [27/Jul/2010:17:12:19 +0000] "GET / HTTP/1.0" 200 629 "-" "Mozilla/5.0 (Macintosh; U; Intel Mac OS X 10_6_2; en-us) AppleWebKit/531.21.8 (KHTML, like Gecko)"
173.203.90.149 - - [27/Jul/2010:17:12:19 +0000] "GET /favicon.ico HTTP/1.0" 404 1213 "http://173.203.90.149/" "Mozilla/5.0 (Macintosh; U; Intel Mac OS X 10_6_2; en-us) AppleWebKit/531.21.8 (KHTML, like Gecko)"
221.195.73.68 - - [27/Jul/2010:17:56:29 +0000] "GET http://216.245.205.74/judge.php HTTP/1.1" 404 2418 "-" "Mozilla/4.0 (compatible; MSIE 6.0; Windows NT 5.1)"
221.195.73.68 - - [27/Jul/2010:22:17:55 +0000] "GET http://216.245.205.74/judge.php HTTP/1.1" 404 2436 "-" "Mozilla/4.0 (compatible; MSIE 6.0; Windows NT 5.1)"
173.203.90.149 - - [27/Jul/2010:22:18:46 +0000] "GET /demo/ HTTP/1.0" 200 764 "-" "Mozilla/5.0 (Macintosh; U; Intel Mac OS X 10.6; en-US; rv:1.9.2.7) Gecko/20100713 Firefox/3.6.7"
173.203.90.149 - - [27/Jul/2010:22:37:10 +0000] "GET / HTTP/1.0" 200 630 "-" "Mozilla/5.0 (Macintosh; U; Intel Mac OS X 10.6; en-US; rv:1.9.2.7) Gecko/20100713 Firefox/3.6.7"
173.203.90.149 - - [27/Jul/2010:22:41:25 +0000] "POST /login/ HTTP/1.0" 302 403 "http://173.203.90.149/" "Mozilla/5.0 (Macintosh; U; Intel Mac OS X 10.6; en-US; rv:1.9.2.7) Gecko/20100713 Firefox/3.6.7"
173.203.90.149 - - [27/Jul/2010:22:41:26 +0000] "GET /demo/ HTTP/1.0" 200 764 "http://173.203.90.149/" "Mozilla/5.0 (Macintosh; U; Intel Mac OS X 10.6; en-US; rv:1.9.2.7) Gecko/20100713 Firefox/3.6.7"
173.203.90.149 - - [27/Jul/2010:22:41:46 +0000] "POST /demo/ HTTP/1.0" 200 4518 "http://173.203.90.149/demo/" "Mozilla/5.0 (Macintosh; U; Intel Mac OS X 10.6; en-US; rv:1.9.2.7) Gecko/20100713 Firefox/3.6.7"
173.203.90.149 - - [27/Jul/2010:22:42:03 +0000] "POST /demo/ HTTP/1.0" 200 2932 "http://173.203.90.149/demo/" "Mozilla/5.0 (Macintosh; U; Intel Mac OS X 10.6; en-US; rv:1.9.2.7) Gecko/20100713 Firefox/3.6.7"
173.203.90.149 - - [27/Jul/2010:22:42:14 +0000] "POST /demo/ HTTP/1.0" 200 4518 "http://173.203.90.149/demo/" "Mozilla/5.0 (Macintosh; U; Intel Mac OS X 10.6; en-US; rv:1.9.2.7) Gecko/20100713 Firefox/3.6.7"
173.203.90.149 - - [27/Jul/2010:23:43:52 +0000] "GET /judge.php HTTP/1.0" 404 2380 "-" "Mozilla/4.0 (compatible; MSIE 6.0; Windows NT 5.1)"
221.195.73.68 - - [28/Jul/2010:09:54:16 +0000] "GET http://216.245.205.74/judge.php HTTP/1.1" 404 2436 "-" "Mozilla/4.0 (compatible; MSIE 6.0; Windows NT 5.1)"
173.203.90.149 - - [28/Jul/2010:12:49:22 +0000] "GET /judge.php HTTP/1.0" 404 2380 "-" "Mozilla/4.0 (compatible; MSIE 6.0; Windows NT 5.1)"
173.203.90.149 - - [28/Jul/2010:15:39:21 +0000] "GET /judge.php HTTP/1.0" 404 2380 "-" "Mozilla/4.0 (compatible; MSIE 6.0; Windows NT 5.1)"
221.195.73.68 - - [28/Jul/2010:15:40:03 +0000] "GET http://216.245.205.74/judge.php HTTP/1.1" 404 2418 "-" "Mozilla/4.0 (compatible; MSIE 6.0; Windows NT 5.1)"
221.195.73.68 - - [28/Jul/2010:20:45:28 +0000] "GET http://216.245.205.74/judge.php HTTP/1.1" 404 2418 "-" "Mozilla/4.0 (compatible; MSIE 6.0; Windows NT 5.1)"
173.203.90.149 - - [28/Jul/2010:20:45:35 +0000] "GET /judge.php HTTP/1.0" 404 2380 "-" "Mozilla/4.0 (compatible; MSIE 6.0; Windows NT 5.1)"
173.203.90.149 - - [29/Jul/2010:00:59:35 +0000] "GET /judge.php HTTP/1.0" 404 2380 "-" "Mozilla/4.0 (compatible; MSIE 6.0; Windows NT 5.1)"
173.203.90.149 - - [29/Jul/2010:01:01:00 +0000] "POST /demo/ HTTP/1.0" 200 3258 "http://173.203.90.149/demo/" "Mozilla/5.0 (Macintosh; U; Intel Mac OS X 10.6; en-US; rv:1.9.2.7) Gecko/20100713 Firefox/3.6.7"
173.203.90.149 - - [29/Jul/2010:01:01:29 +0000] "POST /demo/ HTTP/1.0" 200 3588 "http://173.203.90.149/demo/" "Mozilla/5.0 (Macintosh; U; Intel Mac OS X 10.6; en-US; rv:1.9.2.7) Gecko/20100713 Firefox/3.6.7"
173.203.90.149 - - [29/Jul/2010:01:02:46 +0000] "POST /demo/ HTTP/1.0" 200 3258 "http://173.203.90.149/demo/" "Mozilla/5.0 (Macintosh; U; Intel Mac OS X 10.6; en-US; rv:1.9.2.7) Gecko/20100713 Firefox/3.6.7"
173.203.90.149 - - [29/Jul/2010:01:03:11 +0000] "POST /demo/ HTTP/1.0" 200 3858 "http://173.203.90.149/demo/" "Mozilla/5.0 (Macintosh; U; Intel Mac OS X 10.6; en-US; rv:1.9.2.7) Gecko/20100713 Firefox/3.6.7"
173.203.90.149 - - [29/Jul/2010:01:03:23 +0000] "POST /demo/ HTTP/1.0" 200 4201 "http://173.203.90.149/demo/" "Mozilla/5.0 (Macintosh; U; Intel Mac OS X 10.6; en-US; rv:1.9.2.7) Gecko/20100713 Firefox/3.6.7"
173.203.90.149 - - [29/Jul/2010:03:42:40 +0000] "GET / HTTP/1.0" 200 631 "-" "Mozilla/5.0 (Macintosh; U; Intel Mac OS X 10.6; en-US; rv:1.9.2.7) Gecko/20100713 Firefox/3.6.7"
173.203.90.149 - - [29/Jul/2010:03:42:40 +0000] "GET /favicon.ico HTTP/1.0" 404 1209 "-" "Mozilla/5.0 (Macintosh; U; Intel Mac OS X 10.6; en-US; rv:1.9.2.7) Gecko/20100713 Firefox/3.6.7"
173.203.90.149 - - [29/Jul/2010:03:42:43 +0000] "GET /favicon.ico HTTP/1.0" 404 1209 "-" "Mozilla/5.0 (Macintosh; U; Intel Mac OS X 10.6; en-US; rv:1.9.2.7) Gecko/20100713 Firefox/3.6.7"
173.203.90.149 - - [29/Jul/2010:03:50:04 +0000] "GET /judge.php HTTP/1.0" 404 2358 "-" "Mozilla/4.0 (compatible; MSIE 6.0; Windows NT 5.1)"
173.203.90.149 - - [29/Jul/2010:07:06:09 +0000] "GET /judge.php HTTP/1.0" 404 2380 "-" "Mozilla/4.0 (compatible; MSIE 6.0; Windows NT 5.1)"
221.195.73.68 - - [29/Jul/2010:07:06:23 +0000] "GET http://216.245.205.74/judge.php HTTP/1.1" 404 2418 "-" "Mozilla/4.0 (compatible; MSIE 6.0; Windows NT 5.1)"
58.218.204.110 - - [29/Jul/2010:15:50:31 +0000] "GET http://216.245.205.74/judge.php HTTP/1.1" 404 2418 "-" "Mozilla/4.0 (compatible; MSIE 6.0; Windows NT 5.1)"
173.203.90.149 - - [29/Jul/2010:15:50:41 +0000] "GET /judge.php HTTP/1.0" 404 2358 "-" "Mozilla/4.0 (compatible; MSIE 6.0; Windows NT 5.1)"
173.203.90.149 - - [29/Jul/2010:18:05:23 +0000] "GET /judge.php HTTP/1.0" 404 2358 "-" "Mozilla/4.0 (compatible; MSIE 6.0; Windows NT 5.1)"
173.203.90.149 - - [29/Jul/2010:21:06:16 +0000] "GET /judge.php HTTP/1.0" 404 2380 "-" "Mozilla/4.0 (compatible; MSIE 6.0; Windows NT 5.1)"
58.218.204.110 - - [29/Jul/2010:21:10:10 +0000] "GET http://216.245.205.74/judge.php HTTP/1.1" 404 2418 "-" "Mozilla/4.0 (compatible; MSIE 6.0; Windows NT 5.1)"
173.203.90.149 - - [29/Jul/2010:23:56:07 +0000] "GET /judge.php HTTP/1.0" 404 2380 "-" "Mozilla/4.0 (compatible; MSIE 6.0; Windows NT 5.1)"
58.218.204.110 - - [30/Jul/2010:00:08:19 +0000] "GET http://216.245.205.74/judge.php HTTP/1.1" 404 2418 "-" "Mozilla/4.0 (compatible; MSIE 6.0; Windows NT 5.1)"
124.129.174.166 - - [30/Jul/2010:03:51:14 +0000] "GET http://www.sciencedirect.com/ HTTP/1.1" 200 786 "-" "Mozilla/4.0 (compatible; MSIE 4.01; Windows 98)"
173.203.90.149 - - [30/Jul/2010:03:51:14 +0000] "GET / HTTP/1.0" 200 805 "-" "Mozilla/4.0 (compatible; MSIE 4.01; Windows 98)"
58.218.204.110 - - [30/Jul/2010:05:15:35 +0000] "GET http://216.245.205.74/judge.php HTTP/1.1" 404 2418 "-" "Mozilla/4.0 (compatible; MSIE 6.0; Windows NT 5.1)"
173.203.90.149 - - [30/Jul/2010:05:15:46 +0000] "GET /judge.php HTTP/1.0" 404 2380 "-" "Mozilla/4.0 (compatible; MSIE 6.0; Windows NT 5.1)"
58.218.204.110 - - [30/Jul/2010:08:01:22 +0000] "GET http://216.245.205.74/judge.php HTTP/1.1" 404 2436 "-" "Mozilla/4.0 (compatible; MSIE 6.0; Windows NT 5.1)"
58.218.204.110 - - [30/Jul/2010:10:49:23 +0000] "GET http://216.245.205.74/judge.php HTTP/1.1" 404 2436 "-" "Mozilla/4.0 (compatible; MSIE 6.0; Windows NT 5.1)"
173.203.90.149 - - [30/Jul/2010:13:01:41 +0000] "GET /user/soapCaller.bs HTTP/1.0" 404 1220 "-" "Morfeus Fucking Scanner"
173.203.90.149 - - [30/Jul/2010:13:58:37 +0000] "GET /judge.php HTTP/1.0" 404 2380 "-" "Mozilla/4.0 (compatible; MSIE 6.0; Windows NT 5.1)"
58.218.204.110 - - [30/Jul/2010:13:59:32 +0000] "GET http://216.245.205.74/judge.php HTTP/1.1" 404 2436 "-" "Mozilla/4.0 (compatible; MSIE 6.0; Windows NT 5.1)"
173.203.90.149 - - [30/Jul/2010:15:11:00 +0000] "GET /phpmyadmin//scripts/setup.php HTTP/1.0" 404 2437 "-" "Mozilla/4.0 (compatible; MSIE 6.0; MSIE 5.5; Windows NT 5.1) Opera 7.01 [en]"
173.203.90.149 - - [30/Jul/2010:15:11:00 +0000] "GET /phpmyadmin//setup/config.php?type=post HTTP/1.0" 404 2444 "-" "Mozilla/4.0 (compatible; MSIE 6.0; MSIE 5.5; Windows NT 5.1) Opera 7.01 [en]"
58.218.204.110 - - [30/Jul/2010:16:24:49 +0000] "GET http://216.245.205.74/judge.php HTTP/1.1" 404 2418 "-" "Mozilla/4.0 (compatible; MSIE 6.0; Windows NT 5.1)"
58.218.204.110 - - [30/Jul/2010:19:23:03 +0000] "GET http://216.245.205.74/judge.php HTTP/1.1" 404 2418 "-" "Mozilla/4.0 (compatible; MSIE 6.0; Windows NT 5.1)"
173.203.90.149 - - [30/Jul/2010:19:26:47 +0000] "GET /judge.php HTTP/1.0" 404 2380 "-" "Mozilla/4.0 (compatible; MSIE 6.0; Windows NT 5.1)"
58.218.204.110 - - [31/Jul/2010:01:08:59 +0000] "GET http://216.245.205.74/judge.php HTTP/1.1" 404 2436 "-" "Mozilla/4.0 (compatible; MSIE 6.0; Windows NT 5.1)"
173.203.90.149 - - [31/Jul/2010:01:29:16 +0000] "GET /demo/ HTTP/1.0" 302 296 "-" "Mozilla/5.0 (Macintosh; U; Intel Mac OS X 10_6_2; en-us) AppleWebKit/531.21.8 (KHTML, like Gecko) Version/4.0.4 Safari/531.21.10"
173.203.90.149 - - [31/Jul/2010:01:29:16 +0000] "GET /login/?next=/demo/ HTTP/1.0" 200 629 "-" "Mozilla/5.0 (Macintosh; U; Intel Mac OS X 10_6_2; en-us) AppleWebKit/531.21.8 (KHTML, like Gecko) Version/4.0.4 Safari/531.21.10"
58.218.204.110 - - [31/Jul/2010:06:33:31 +0000] "GET http://216.245.205.74/judge.php HTTP/1.1" 404 2418 "-" "Mozilla/4.0 (compatible; MSIE 6.0; Windows NT 5.1)"
173.203.90.149 - - [31/Jul/2010:06:33:37 +0000] "GET /judge.php HTTP/1.0" 404 2358 "-" "Mozilla/4.0 (compatible; MSIE 6.0; Windows NT 5.1)"
58.218.204.110 - - [31/Jul/2010:10:03:56 +0000] "GET http://216.245.205.74/judge.php HTTP/1.1" 404 2418 "-" "Mozilla/4.0 (compatible; MSIE 6.0; Windows NT 5.1)"
173.203.90.149 - - [31/Jul/2010:10:04:07 +0000] "GET /judge.php HTTP/1.0" 404 2358 "-" "Mozilla/4.0 (compatible; MSIE 6.0; Windows NT 5.1)"
58.218.204.110 - - [31/Jul/2010:13:35:56 +0000] "GET http://216.245.205.74/judge.php HTTP/1.1" 404 2418 "-" "Mozilla/4.0 (compatible; MSIE 6.0; Windows NT 5.1)"
173.203.90.149 - - [31/Jul/2010:17:27:33 +0000] "GET /client/clogin?.redir_from=ORION&.redir_from=REGISTRATION&version=1&challenge=3842&response=43921&login=27387 HTTP/1.0" 404 2507 "http://66.196.125.152" "-"
86.185.91.140 - - [31/Jul/2010:17:32:39 +0000] "GET http://216.252.124.123/client/clogin?.redir_from=ORION&.redir_from=REGISTRATION&version=1&challenge=83298&response=81794&login=60030 HTTP/1.0" 404 2487 "http://216.252.124.123" "-"
173.203.90.149 - - [31/Jul/2010:21:27:38 +0000] "GET /judge.php HTTP/1.0" 404 2380 "-" "Mozilla/4.0 (compatible; MSIE 6.0; Windows NT 5.1)"
173.203.90.149 - - [01/Aug/2010:05:36:53 +0000] "GET /judge.php HTTP/1.0" 404 2358 "-" "Mozilla/4.0 (compatible; MSIE 6.0; Windows NT 5.1)"
58.218.204.110 - - [01/Aug/2010:05:37:10 +0000] "GET http://216.245.205.74/judge.php HTTP/1.1" 404 2418 "-" "Mozilla/4.0 (compatible; MSIE 6.0; Windows NT 5.1)"
173.203.90.149 - - [01/Aug/2010:08:23:15 +0000] "GET /index.html HTTP/1.0" 404 2361 "-" "Mozilla/4.0 (compatible; MSIE 7.0; Windows NT 6.0)"
173.203.90.149 - - [01/Aug/2010:08:23:16 +0000] "GET /index.php HTTP/1.0" 404 2358 "-" "Mozilla/4.0 (compatible; MSIE 7.0; Windows NT 6.0)"
173.203.90.149 - - [01/Aug/2010:12:10:07 +0000] "GET /judge.php HTTP/1.0" 404 2380 "-" "Mozilla/4.0 (compatible; MSIE 6.0; Windows NT 5.1)"
58.218.204.110 - - [02/Aug/2010:01:28:54 +0000] "GET http://216.245.205.74/judge.php HTTP/1.1" 404 2436 "-" "Mozilla/4.0 (compatible; MSIE 6.0; Windows NT 5.1)"
173.203.90.149 - - [02/Aug/2010:03:04:11 +0000] "GET /user/soapCaller.bs HTTP/1.0" 404 1220 "-" "Morfeus Fucking Scanner"
221.11.4.190 - - [02/Aug/2010:03:39:57 +0000] "GET /manager/html HTTP/1.1" 404 2393 "-" "-"
173.203.90.149 - - [02/Aug/2010:04:50:18 +0000] "GET /judge.php HTTP/1.0" 404 2358 "-" "Mozilla/4.0 (compatible; MSIE 6.0; Windows NT 5.1)"
58.218.204.110 - - [02/Aug/2010:04:50:29 +0000] "GET http://216.245.205.74/judge.php HTTP/1.1" 404 2436 "-" "Mozilla/4.0 (compatible; MSIE 6.0; Windows NT 5.1)"
173.203.90.149 - - [02/Aug/2010:12:51:27 +0000] "GET /judge.php HTTP/1.0" 404 2380 "-" "Mozilla/4.0 (compatible; MSIE 6.0; Windows NT 5.1)"
58.218.204.110 - - [02/Aug/2010:12:51:36 +0000] "GET http://216.245.205.74/judge.php HTTP/1.1" 404 2436 "-" "Mozilla/4.0 (compatible; MSIE 6.0; Windows NT 5.1)"
58.218.204.110 - - [02/Aug/2010:19:28:34 +0000] "GET http://216.245.205.74/judge.php HTTP/1.1" 404 2436 "-" "Mozilla/4.0 (compatible; MSIE 6.0; Windows NT 5.1)"
173.203.90.149 - - [02/Aug/2010:22:29:40 +0000] "GET /user/soapCaller.bs HTTP/1.0" 404 1220 "-" "Morfeus Fucking Scanner"
173.203.90.149 - - [03/Aug/2010:08:43:20 +0000] "GET /judge.php HTTP/1.0" 404 2358 "-" "Mozilla/4.0 (compatible; MSIE 6.0; Windows NT 5.1)"
173.203.90.149 - - [03/Aug/2010:18:32:44 +0000] "GET /judge.php HTTP/1.0" 404 2358 "-" "Mozilla/4.0 (compatible; MSIE 6.0; Windows NT 5.1)"
173.203.90.149 - - [03/Aug/2010:22:07:56 +0000] "GET /user/soapCaller.bs HTTP/1.0" 404 1220 "-" "Morfeus Fucking Scanner"
173.203.90.149 - - [04/Aug/2010:09:34:02 +0000] "GET /config/pwtoken_get?login=emc__25_99&src=ygodgw&passwd=17b1cf909dff560986b2c5f57371e106&challenge=xy52IZlhr9qrp7S56QBK2R_c3FH8&md5=1 HTTP/1.0" 404 2544 "-" "MobileRunner-J2ME"
58.218.204.110 - - [04/Aug/2010:13:58:51 +0000] "GET http://216.245.205.74/judge.php HTTP/1.1" 404 2436 "-" "Mozilla/4.0 (compatible; MSIE 6.0; Windows NT 5.1)"
173.203.90.149 - - [04/Aug/2010:16:58:12 +0000] "GET / HTTP/1.0" 200 632 "-" "Mozilla/5.0 (Macintosh; U; Intel Mac OS X 10_6_4; en-US) AppleWebKit/533.4 (KHTML, like Gecko) Chrome/5.0.375.125 Safari/533.4"
173.203.90.149 - - [04/Aug/2010:16:58:12 +0000] "GET /favicon.ico HTTP/1.0" 404 1213 "-" "Mozilla/5.0 (Macintosh; U; Intel Mac OS X 10_6_4; en-US) AppleWebKit/533.4 (KHTML, like Gecko) Chrome/5.0.375.125 Safari/533.4"
173.203.90.149 - - [04/Aug/2010:16:58:20 +0000] "POST /login/ HTTP/1.0" 302 403 "http://173.203.90.149/" "Mozilla/5.0 (Macintosh; U; Intel Mac OS X 10_6_4; en-US) AppleWebKit/533.4 (KHTML, like Gecko) Chrome/5.0.375.125 Safari/533.4"
173.203.90.149 - - [04/Aug/2010:16:58:20 +0000] "GET /demo/ HTTP/1.0" 200 764 "http://173.203.90.149/" "Mozilla/5.0 (Macintosh; U; Intel Mac OS X 10_6_4; en-US) AppleWebKit/533.4 (KHTML, like Gecko) Chrome/5.0.375.125 Safari/533.4"
173.203.90.149 - - [04/Aug/2010:16:58:20 +0000] "GET /favicon.ico HTTP/1.0" 404 1213 "-" "Mozilla/5.0 (Macintosh; U; Intel Mac OS X 10_6_4; en-US) AppleWebKit/533.4 (KHTML, like Gecko) Chrome/5.0.375.125 Safari/533.4"
173.203.90.149 - - [04/Aug/2010:16:58:46 +0000] "POST /demo/ HTTP/1.0" 200 2274 "http://173.203.90.149/demo/" "Mozilla/5.0 (Macintosh; U; Intel Mac OS X 10_6_4; en-US) AppleWebKit/533.4 (KHTML, like Gecko) Chrome/5.0.375.125 Safari/533.4"
173.203.90.149 - - [04/Aug/2010:16:58:47 +0000] "GET /favicon.ico HTTP/1.0" 404 1213 "-" "Mozilla/5.0 (Macintosh; U; Intel Mac OS X 10_6_4; en-US) AppleWebKit/533.4 (KHTML, like Gecko) Chrome/5.0.375.125 Safari/533.4"
173.203.90.149 - - [04/Aug/2010:17:05:03 +0000] "GET /ticker/ HTTP/1.0" 200 355 "-" "Mozilla/5.0 (Macintosh; U; Intel Mac OS X 10_6_4; en-US) AppleWebKit/533.4 (KHTML, like Gecko) Chrome/5.0.375.125 Safari/533.4"
173.203.90.149 - - [04/Aug/2010:17:05:03 +0000] "GET /favicon.ico HTTP/1.0" 404 1213 "-" "Mozilla/5.0 (Macintosh; U; Intel Mac OS X 10_6_4; en-US) AppleWebKit/533.4 (KHTML, like Gecko) Chrome/5.0.375.125 Safari/533.4"
58.218.204.110 - - [04/Aug/2010:17:09:25 +0000] "GET http://216.245.205.74/judge.php HTTP/1.1" 404 2436 "-" "Mozilla/4.0 (compatible; MSIE 6.0; Windows NT 5.1)"
173.203.90.149 - - [04/Aug/2010:18:14:53 +0000] "OPTIONS /ticker/ HTTP/1.0" 200 355 "-" "Mozilla/5.0 (Macintosh; U; Intel Mac OS X 10_6_4; en-US) AppleWebKit/533.4 (KHTML, like Gecko) Chrome/5.0.375.125 Safari/533.4"
173.203.90.149 - - [04/Aug/2010:18:15:20 +0000] "OPTIONS /ticker/ HTTP/1.0" 200 355 "-" "Mozilla/5.0 (Macintosh; U; Intel Mac OS X 10_6_4; en-US) AppleWebKit/533.4 (KHTML, like Gecko) Chrome/5.0.375.125 Safari/533.4"
173.203.90.149 - - [04/Aug/2010:23:36:53 +0000] "GET /judge.php HTTP/1.0" 404 2358 "-" "Mozilla/4.0 (compatible; MSIE 6.0; Windows NT 5.1)"
58.218.204.110 - - [05/Aug/2010:06:05:16 +0000] "GET http://216.245.205.74/judge.php HTTP/1.1" 404 2418 "-" "Mozilla/4.0 (compatible; MSIE 6.0; Windows NT 5.1)"
173.203.90.149 - - [05/Aug/2010:12:34:49 +0000] "GET /judge.php HTTP/1.0" 404 2358 "-" "Mozilla/4.0 (compatible; MSIE 6.0; Windows NT 5.1)"
173.203.90.149 - - [05/Aug/2010:18:22:56 +0000] "OPTIONS /ticker/ HTTP/1.0" 200 355 "-" "Mozilla/5.0 (Macintosh; U; Intel Mac OS X 10_6_4; en-US) AppleWebKit/533.4 (KHTML, like Gecko) Chrome/5.0.375.125 Safari/533.4"
173.203.90.149 - - [05/Aug/2010:18:27:23 +0000] "OPTIONS /ticker/ HTTP/1.0" 200 355 "-" "Mozilla/5.0 (Macintosh; U; Intel Mac OS X 10_6_4; en-US) AppleWebKit/533.4 (KHTML, like Gecko) Chrome/5.0.375.125 Safari/533.4"
173.203.90.149 - - [05/Aug/2010:18:34:03 +0000] "OPTIONS /ticker/ HTTP/1.0" 200 355 "-" "Mozilla/5.0 (Macintosh; U; Intel Mac OS X 10_6_4; en-US) AppleWebKit/533.4 (KHTML, like Gecko) Chrome/5.0.375.125 Safari/533.4"
173.203.90.149 - - [05/Aug/2010:18:34:04 +0000] "OPTIONS /ticker/ HTTP/1.0" 200 355 "-" "Mozilla/5.0 (Macintosh; U; Intel Mac OS X 10_6_4; en-US) AppleWebKit/533.4 (KHTML, like Gecko) Chrome/5.0.375.125 Safari/533.4"
173.203.90.149 - - [05/Aug/2010:18:34:11 +0000] "OPTIONS /ticker/ HTTP/1.0" 200 355 "-" "Mozilla/5.0 (Macintosh; U; Intel Mac OS X 10_6_4; en-US) AppleWebKit/533.4 (KHTML, like Gecko) Chrome/5.0.375.125 Safari/533.4"
173.203.90.149 - - [05/Aug/2010:18:34:46 +0000] "OPTIONS /ticker/ HTTP/1.0" 200 355 "-" "Mozilla/5.0 (Macintosh; U; Intel Mac OS X 10_6_4; en-US) AppleWebKit/533.4 (KHTML, like Gecko) Chrome/5.0.375.125 Safari/533.4"
173.203.90.149 - - [05/Aug/2010:18:34:51 +0000] "OPTIONS /ticker/ HTTP/1.0" 200 355 "-" "Mozilla/5.0 (Macintosh; U; Intel Mac OS X 10_6_4; en-US) AppleWebKit/533.4 (KHTML, like Gecko) Chrome/5.0.375.125 Safari/533.4"
173.203.90.149 - - [05/Aug/2010:18:35:33 +0000] "OPTIONS /ticker/ HTTP/1.0" 200 355 "-" "Mozilla/5.0 (Macintosh; U; Intel Mac OS X 10_6_4; en-US) AppleWebKit/533.4 (KHTML, like Gecko) Chrome/5.0.375.125 Safari/533.4"
173.203.90.149 - - [05/Aug/2010:18:35:49 +0000] "OPTIONS /ticker/ HTTP/1.0" 200 355 "-" "Mozilla/5.0 (Macintosh; U; Intel Mac OS X 10_6_4; en-US) AppleWebKit/533.4 (KHTML, like Gecko) Chrome/5.0.375.125 Safari/533.4"
173.203.90.149 - - [05/Aug/2010:18:37:48 +0000] "OPTIONS /ticker/ HTTP/1.0" 200 355 "-" "Mozilla/5.0 (Macintosh; U; Intel Mac OS X 10_6_4; en-US) AppleWebKit/533.4 (KHTML, like Gecko) Chrome/5.0.375.125 Safari/533.4"
173.203.90.149 - - [05/Aug/2010:18:37:53 +0000] "OPTIONS /ticker/ HTTP/1.0" 200 355 "-" "Mozilla/5.0 (Macintosh; U; Intel Mac OS X 10_6_4; en-US) AppleWebKit/533.4 (KHTML, like Gecko) Chrome/5.0.375.125 Safari/533.4"
173.203.90.149 - - [05/Aug/2010:18:38:13 +0000] "OPTIONS /ticker/ HTTP/1.0" 200 355 "-" "Mozilla/5.0 (Macintosh; U; Intel Mac OS X 10_6_4; en-US) AppleWebKit/533.4 (KHTML, like Gecko) Chrome/5.0.375.125 Safari/533.4"
173.203.90.149 - - [05/Aug/2010:18:38:34 +0000] "OPTIONS /ticker/ HTTP/1.0" 200 355 "-" "Mozilla/5.0 (Macintosh; U; Intel Mac OS X 10_6_4; en-US) AppleWebKit/533.4 (KHTML, like Gecko) Chrome/5.0.375.125 Safari/533.4"
173.203.90.149 - - [05/Aug/2010:18:38:38 +0000] "OPTIONS /ticker/ HTTP/1.0" 200 355 "-" "Mozilla/5.0 (Macintosh; U; Intel Mac OS X 10_6_4; en-US) AppleWebKit/533.4 (KHTML, like Gecko) Chrome/5.0.375.125 Safari/533.4"
173.203.90.149 - - [05/Aug/2010:18:39:06 +0000] "OPTIONS /ticker/ HTTP/1.0" 200 355 "-" "Mozilla/5.0 (Macintosh; U; Intel Mac OS X 10_6_4; en-US) AppleWebKit/533.4 (KHTML, like Gecko) Chrome/5.0.375.125 Safari/533.4"
173.203.90.149 - - [05/Aug/2010:18:39:13 +0000] "OPTIONS /ticker/ HTTP/1.0" 200 355 "-" "Mozilla/5.0 (Macintosh; U; Intel Mac OS X 10_6_4; en-US) AppleWebKit/533.4 (KHTML, like Gecko) Chrome/5.0.375.125 Safari/533.4"
173.203.90.149 - - [05/Aug/2010:18:39:34 +0000] "OPTIONS /ticker/ HTTP/1.0" 200 355 "-" "Mozilla/5.0 (Macintosh; U; Intel Mac OS X 10_6_4; en-US) AppleWebKit/533.4 (KHTML, like Gecko) Chrome/5.0.375.125 Safari/533.4"
58.218.204.110 - - [05/Aug/2010:19:08:17 +0000] "GET http://216.245.205.74/judge.php HTTP/1.1" 404 2418 "-" "Mozilla/4.0 (compatible; MSIE 6.0; Windows NT 5.1)"
173.203.90.149 - - [05/Aug/2010:20:13:11 +0000] "OPTIONS /ticker/ HTTP/1.0" 200 355 "-" "Mozilla/5.0 (Macintosh; U; Intel Mac OS X 10_6_4; en-US) AppleWebKit/533.4 (KHTML, like Gecko) Chrome/5.0.375.125 Safari/533.4"
173.203.90.149 - - [05/Aug/2010:22:29:35 +0000] "GET /judge.php HTTP/1.0" 404 2358 "-" "Mozilla/4.0 (compatible; MSIE 6.0; Windows NT 5.1)"
173.203.90.149 - - [06/Aug/2010:00:34:56 +0000] "HEAD /mysql/admin/ HTTP/1.0" 404 162 "-" "revolt"
173.203.90.149 - - [06/Aug/2010:00:34:56 +0000] "HEAD /mysql/dbadmin/ HTTP/1.0" 404 162 "-" "revolt"
173.203.90.149 - - [06/Aug/2010:00:34:56 +0000] "HEAD /mysql/sqlmanager/ HTTP/1.0" 404 162 "-" "revolt"
173.203.90.149 - - [06/Aug/2010:00:34:56 +0000] "HEAD /mysql/mysqlmanager/ HTTP/1.0" 404 162 "-" "revolt"
173.203.90.149 - - [06/Aug/2010:00:34:56 +0000] "HEAD /phpmyadmin/ HTTP/1.0" 404 162 "-" "revolt"
173.203.90.149 - - [06/Aug/2010:00:34:56 +0000] "HEAD /phpMyadmin/ HTTP/1.0" 404 162 "-" "revolt"
173.203.90.149 - - [06/Aug/2010:00:34:57 +0000] "HEAD /phpMyAdmin/ HTTP/1.0" 404 162 "-" "revolt"
173.203.90.149 - - [06/Aug/2010:00:34:57 +0000] "HEAD /phpmyAdmin/ HTTP/1.0" 404 162 "-" "revolt"
173.203.90.149 - - [06/Aug/2010:00:34:57 +0000] "HEAD /phpmyadmin2/ HTTP/1.0" 404 162 "-" "revolt"
173.203.90.149 - - [06/Aug/2010:00:34:57 +0000] "HEAD /2phpmyadmin/ HTTP/1.0" 404 162 "-" "revolt"
173.203.90.149 - - [06/Aug/2010:00:34:57 +0000] "HEAD /phpmy/ HTTP/1.0" 404 162 "-" "revolt"
173.203.90.149 - - [06/Aug/2010:00:34:57 +0000] "HEAD /phppma/ HTTP/1.0" 404 162 "-" "revolt"
173.203.90.149 - - [06/Aug/2010:00:34:57 +0000] "HEAD /myadmin/ HTTP/1.0" 404 162 "-" "revolt"
173.203.90.149 - - [06/Aug/2010:00:34:57 +0000] "HEAD /MyAdmin/ HTTP/1.0" 404 162 "-" "revolt"
173.203.90.149 - - [06/Aug/2010:00:34:58 +0000] "HEAD /program/ HTTP/1.0" 404 162 "-" "revolt"
173.203.90.149 - - [06/Aug/2010:00:34:58 +0000] "HEAD /PMA/ HTTP/1.0" 404 162 "-" "revolt"
173.203.90.149 - - [06/Aug/2010:00:34:58 +0000] "HEAD /dbadmin/ HTTP/1.0" 404 162 "-" "revolt"
173.203.90.149 - - [06/Aug/2010:00:34:58 +0000] "HEAD /pma/ HTTP/1.0" 404 162 "-" "revolt"
173.203.90.149 - - [06/Aug/2010:00:34:58 +0000] "HEAD /db/ HTTP/1.0" 404 162 "-" "revolt"
173.203.90.149 - - [06/Aug/2010:00:34:58 +0000] "HEAD /admin/ HTTP/1.0" 200 533 "-" "revolt"
173.203.90.149 - - [06/Aug/2010:00:34:58 +0000] "GET /admin/ HTTP/1.0" 200 2461 "-" "revolt"
173.203.90.149 - - [06/Aug/2010:00:34:59 +0000] "HEAD /mysql/ HTTP/1.0" 404 162 "-" "revolt"
173.203.90.149 - - [06/Aug/2010:00:34:59 +0000] "HEAD /qql/ HTTP/1.0" 404 162 "-" "revolt"
173.203.90.149 - - [06/Aug/2010:00:35:08 +0000] "HEAD /sqlmanager/ HTTP/1.0" 404 162 "-" "revolt"
173.203.90.149 - - [06/Aug/2010:00:35:08 +0000] "HEAD /mysqlmanager/ HTTP/1.0" 404 162 "-" "revolt"
173.203.90.149 - - [06/Aug/2010:00:35:21 +0000] "HEAD /websql/ HTTP/1.0" 404 162 "-" "revolt"
173.203.90.149 - - [06/Aug/2010:00:35:21 +0000] "HEAD /webdb/ HTTP/1.0" 404 162 "-" "revolt"
173.203.90.149 - - [06/Aug/2010:00:35:24 +0000] "HEAD /mysql-admin/ HTTP/1.0" 404 162 "-" "revolt"
173.203.90.149 - - [06/Aug/2010:00:35:24 +0000] "HEAD /admin/phpmyadmin/ HTTP/1.0" 200 533 "-" "revolt"
173.203.90.149 - - [06/Aug/2010:00:35:24 +0000] "GET /admin/phpmyadmin/ HTTP/1.0" 200 2450 "-" "revolt"
173.203.90.149 - - [06/Aug/2010:00:35:25 +0000] "HEAD /admin/phpMyAdmin/ HTTP/1.0" 200 533 "-" "revolt"
173.203.90.149 - - [06/Aug/2010:00:35:25 +0000] "GET /admin/phpMyAdmin/ HTTP/1.0" 200 2472 "-" "revolt"
173.203.90.149 - - [06/Aug/2010:00:35:25 +0000] "HEAD /admin/sysadmin/ HTTP/1.0" 200 533 "-" "revolt"
173.203.90.149 - - [06/Aug/2010:00:35:25 +0000] "GET /admin/sysadmin/ HTTP/1.0" 200 2470 "-" "revolt"
173.203.90.149 - - [06/Aug/2010:00:35:25 +0000] "HEAD /admin/sqladmin/ HTTP/1.0" 200 533 "-" "revolt"
173.203.90.149 - - [06/Aug/2010:00:35:26 +0000] "GET /admin/sqladmin/ HTTP/1.0" 200 2470 "-" "revolt"
173.203.90.149 - - [06/Aug/2010:00:35:26 +0000] "HEAD /admin/db/ HTTP/1.0" 200 533 "-" "revolt"
173.203.90.149 - - [06/Aug/2010:00:35:26 +0000] "GET /admin/db/ HTTP/1.0" 200 2464 "-" "revolt"
173.203.90.149 - - [06/Aug/2010:00:35:29 +0000] "HEAD /admin/pMA/ HTTP/1.0" 200 533 "-" "revolt"
173.203.90.149 - - [06/Aug/2010:00:35:29 +0000] "GET /admin/pMA/ HTTP/1.0" 200 2465 "-" "revolt"
173.203.90.149 - - [06/Aug/2010:00:35:30 +0000] "HEAD /mysql/pma/ HTTP/1.0" 404 162 "-" "revolt"
173.203.90.149 - - [06/Aug/2010:00:35:30 +0000] "HEAD /mysql/db/ HTTP/1.0" 404 162 "-" "revolt"
173.203.90.149 - - [06/Aug/2010:00:35:30 +0000] "HEAD /mysql/web/ HTTP/1.0" 404 162 "-" "revolt"
173.203.90.149 - - [06/Aug/2010:00:35:30 +0000] "HEAD /mysql/pMA/ HTTP/1.0" 404 162 "-" "revolt"
173.203.90.149 - - [06/Aug/2010:00:35:31 +0000] "HEAD /sql/phpmanager/ HTTP/1.0" 404 162 "-" "revolt"
173.203.90.149 - - [06/Aug/2010:00:35:31 +0000] "HEAD /sql/php-myadmin/ HTTP/1.0" 404 162 "-" "revolt"
173.203.90.149 - - [06/Aug/2010:00:35:31 +0000] "HEAD /sql/phpmy-admin/ HTTP/1.0" 404 162 "-" "revolt"
173.203.90.149 - - [06/Aug/2010:00:35:31 +0000] "HEAD /sql/sql/ HTTP/1.0" 404 162 "-" "revolt"
173.203.90.149 - - [06/Aug/2010:00:35:32 +0000] "HEAD /sql/myadmin/ HTTP/1.0" 404 162 "-" "revolt"
173.203.90.149 - - [06/Aug/2010:00:35:32 +0000] "HEAD /sql/webadmin/ HTTP/1.0" 404 162 "-" "revolt"
173.203.90.149 - - [06/Aug/2010:00:35:41 +0000] "HEAD /sql/sqladmin/ HTTP/1.0" 404 162 "-" "revolt"
173.203.90.149 - - [06/Aug/2010:00:35:41 +0000] "HEAD /sql/sql-admin/ HTTP/1.0" 404 162 "-" "revolt"
173.203.90.149 - - [06/Aug/2010:00:35:44 +0000] "HEAD /sql/phpMyAdmin2/ HTTP/1.0" 404 162 "-" "revolt"
173.203.90.149 - - [06/Aug/2010:00:36:03 +0000] "HEAD /db/myadmin/ HTTP/1.0" 404 162 "-" "revolt"
173.203.90.149 - - [06/Aug/2010:00:36:09 +0000] "HEAD /db/websql/ HTTP/1.0" 404 162 "-" "revolt"
173.203.90.149 - - [06/Aug/2010:00:36:12 +0000] "HEAD /db/dbadmin/ HTTP/1.0" 404 162 "-" "revolt"
173.203.90.149 - - [06/Aug/2010:00:36:30 +0000] "HEAD /phpMyAdmin-2.11.7.1-all-languages-utf-8-only/ HTTP/1.0" 404 162 "-" "revolt"
173.203.90.149 - - [06/Aug/2010:00:36:40 +0000] "HEAD /administrator/phpmyadmin/ HTTP/1.0" 404 162 "-" "revolt"
173.203.90.149 - - [06/Aug/2010:00:36:40 +0000] "HEAD /administrator/phpMyAdmin/ HTTP/1.0" 404 162 "-" "revolt"
173.203.90.149 - - [06/Aug/2010:00:36:40 +0000] "HEAD /administrator/db/ HTTP/1.0" 404 162 "-" "revolt"
173.203.90.149 - - [06/Aug/2010:00:36:40 +0000] "HEAD /administrator/web/ HTTP/1.0" 404 162 "-" "revolt"
173.203.90.149 - - [06/Aug/2010:00:36:41 +0000] "HEAD /administrator/pma/ HTTP/1.0" 404 162 "-" "revolt"
173.203.90.149 - - [06/Aug/2010:00:36:41 +0000] "HEAD /administrator/PMA/ HTTP/1.0" 404 162 "-" "revolt"
173.203.90.149 - - [06/Aug/2010:00:36:41 +0000] "HEAD /administrator/admin/ HTTP/1.0" 404 162 "-" "revolt"
173.203.90.149 - - [06/Aug/2010:00:36:41 +0000] "HEAD /phpMyAdmin2/ HTTP/1.0" 404 162 "-" "revolt"
173.203.90.149 - - [06/Aug/2010:00:36:41 +0000] "HEAD /phpMyAdmin-2/ HTTP/1.0" 404 162 "-" "revolt"
173.203.90.149 - - [06/Aug/2010:00:36:42 +0000] "HEAD /php-my-admin/ HTTP/1.0" 404 162 "-" "revolt"
173.203.90.149 - - [06/Aug/2010:00:36:42 +0000] "HEAD /phpMyAdmin-2.2.3/ HTTP/1.0" 404 162 "-" "revolt"
173.203.90.149 - - [06/Aug/2010:00:36:42 +0000] "HEAD /phpMyAdmin-2.2.6/ HTTP/1.0" 404 162 "-" "revolt"
173.203.90.149 - - [06/Aug/2010:00:36:42 +0000] "HEAD /phpMyAdmin-2.5.1/ HTTP/1.0" 404 162 "-" "revolt"
173.203.90.149 - - [06/Aug/2010:00:36:43 +0000] "HEAD /phpMyAdmin-2.5.4/ HTTP/1.0" 404 162 "-" "revolt"
173.203.90.149 - - [06/Aug/2010:00:36:43 +0000] "HEAD /phpMyAdmin-2.5.5-rc1/ HTTP/1.0" 404 162 "-" "revolt"
173.203.90.149 - - [06/Aug/2010:00:36:43 +0000] "HEAD /phpMyAdmin-2.5.5-rc2/ HTTP/1.0" 404 162 "-" "revolt"
173.203.90.149 - - [06/Aug/2010:00:36:43 +0000] "HEAD /phpMyAdmin-2.5.5/ HTTP/1.0" 404 162 "-" "revolt"
173.203.90.149 - - [06/Aug/2010:00:36:44 +0000] "HEAD /phpMyAdmin-2.5.5-pl1/ HTTP/1.0" 404 162 "-" "revolt"
173.203.90.149 - - [06/Aug/2010:00:36:44 +0000] "HEAD /phpMyAdmin-2.5.6-rc1/ HTTP/1.0" 404 162 "-" "revolt"
173.203.90.149 - - [06/Aug/2010:00:36:44 +0000] "HEAD /phpMyAdmin-2.5.6-rc2/ HTTP/1.0" 404 162 "-" "revolt"
173.203.90.149 - - [06/Aug/2010:00:36:44 +0000] "HEAD /phpMyAdmin-2.5.6/ HTTP/1.0" 404 162 "-" "revolt"
173.203.90.149 - - [06/Aug/2010:00:36:47 +0000] "HEAD /phpMyAdmin-2.5.7-pl1/ HTTP/1.0" 404 162 "-" "revolt"
173.203.90.149 - - [06/Aug/2010:00:36:48 +0000] "HEAD /phpMyAdmin-2.6.0-alpha/ HTTP/1.0" 404 162 "-" "revolt"
173.203.90.149 - - [06/Aug/2010:00:36:48 +0000] "HEAD /phpMyAdmin-2.6.0-alpha2/ HTTP/1.0" 404 162 "-" "revolt"
173.203.90.149 - - [06/Aug/2010:00:36:48 +0000] "HEAD /phpMyAdmin-2.6.0-beta1/ HTTP/1.0" 404 162 "-" "revolt"
173.203.90.149 - - [06/Aug/2010:00:36:51 +0000] "HEAD /phpMyAdmin-2.6.0-rc1/ HTTP/1.0" 404 162 "-" "revolt"
173.203.90.149 - - [06/Aug/2010:00:36:52 +0000] "HEAD /phpMyAdmin-2.6.0-rc2/ HTTP/1.0" 404 162 "-" "revolt"
173.203.90.149 - - [06/Aug/2010:00:36:52 +0000] "HEAD /phpMyAdmin-2.6.0-rc3/ HTTP/1.0" 404 162 "-" "revolt"
173.203.90.149 - - [06/Aug/2010:00:37:01 +0000] "HEAD /phpMyAdmin-2.6.0-pl3/ HTTP/1.0" 404 162 "-" "revolt"
173.203.90.149 - - [06/Aug/2010:00:37:01 +0000] "HEAD /phpMyAdmin-2.6.1-rc1/ HTTP/1.0" 404 162 "-" "revolt"
173.203.90.149 - - [06/Aug/2010:00:37:02 +0000] "HEAD /phpMyAdmin-2.6.1-rc2/ HTTP/1.0" 404 162 "-" "revolt"
173.203.90.149 - - [06/Aug/2010:00:37:02 +0000] "HEAD /phpMyAdmin-2.6.1/ HTTP/1.0" 404 162 "-" "revolt"
173.203.90.149 - - [06/Aug/2010:00:37:02 +0000] "HEAD /phpMyAdmin-2.6.1-pl1/ HTTP/1.0" 404 162 "-" "revolt"
173.203.90.149 - - [06/Aug/2010:00:37:02 +0000] "HEAD /phpMyAdmin-2.6.1-pl2/ HTTP/1.0" 404 162 "-" "revolt"
173.203.90.149 - - [06/Aug/2010:00:37:02 +0000] "HEAD /phpMyAdmin-2.6.1-pl3/ HTTP/1.0" 404 162 "-" "revolt"
173.203.90.149 - - [06/Aug/2010:00:37:03 +0000] "HEAD /phpMyAdmin-2.6.2-rc1/ HTTP/1.0" 404 162 "-" "revolt"
173.203.90.149 - - [06/Aug/2010:00:37:03 +0000] "HEAD /phpMyAdmin-2.6.2-beta1/ HTTP/1.0" 404 162 "-" "revolt"
173.203.90.149 - - [06/Aug/2010:00:37:03 +0000] "HEAD /phpMyAdmin-2.6.2/ HTTP/1.0" 404 162 "-" "revolt"
173.203.90.149 - - [06/Aug/2010:00:37:03 +0000] "HEAD /phpMyAdmin-2.6.2-pl1/ HTTP/1.0" 404 162 "-" "revolt"
173.203.90.149 - - [06/Aug/2010:00:37:07 +0000] "HEAD /phpMyAdmin-2.6.3-rc1/ HTTP/1.0" 404 162 "-" "revolt"
173.203.90.149 - - [06/Aug/2010:00:37:13 +0000] "HEAD /phpMyAdmin-2.6.4-pl1/ HTTP/1.0" 404 162 "-" "revolt"
173.203.90.149 - - [06/Aug/2010:00:37:25 +0000] "HEAD /phpMyAdmin-2.7.0-beta1/ HTTP/1.0" 404 162 "-" "revolt"
173.203.90.149 - - [06/Aug/2010:00:37:28 +0000] "HEAD /phpMyAdmin-2.7.0-pl1/ HTTP/1.0" 404 162 "-" "revolt"
173.203.90.149 - - [06/Aug/2010:00:37:49 +0000] "HEAD /phpMyAdmin-2.8.0.2/ HTTP/1.0" 404 162 "-" "revolt"
173.203.90.149 - - [06/Aug/2010:00:38:20 +0000] "HEAD /pma2009/ HTTP/1.0" 404 162 "-" "revolt"
111.165.106.243 - - [06/Aug/2010:11:17:22 +0000] "GET http://www.sciencedirect.com/ HTTP/1.1" 200 786 "-" "Mozilla/4.0 (compatible; MSIE 4.01; Windows 95)"
173.203.90.149 - - [06/Aug/2010:11:17:25 +0000] "GET / HTTP/1.0" 200 805 "-" "Mozilla/4.0 (compatible; MSIE 4.01; Windows 95)"
58.218.204.110 - - [06/Aug/2010:18:33:32 +0000] "GET http://216.245.205.74/judge.php HTTP/1.1" 404 2418 "-" "Mozilla/4.0 (compatible; MSIE 6.0; Windows NT 5.1)"
173.203.90.149 - - [06/Aug/2010:19:33:14 +0000] "GET /config/isp_verify_user HTTP/1.0" 404 2397 "-" "-"
58.218.204.110 - - [07/Aug/2010:15:53:17 +0000] "GET http://216.245.205.74/judge.php HTTP/1.1" 404 2418 "-" "Mozilla/4.0 (compatible; MSIE 6.0; Windows NT 5.1)"
173.203.90.149 - - [07/Aug/2010:15:53:18 +0000] "GET /judge.php HTTP/1.0" 404 2358 "-" "Mozilla/4.0 (compatible; MSIE 6.0; Windows NT 5.1)"
58.218.204.110 - - [07/Aug/2010:19:20:46 +0000] "GET http://216.245.205.74/judge.php HTTP/1.1" 404 2418 "-" "Mozilla/4.0 (compatible; MSIE 6.0; Windows NT 5.1)"
173.203.90.149 - - [07/Aug/2010:19:21:06 +0000] "GET /judge.php HTTP/1.0" 404 2380 "-" "Mozilla/4.0 (compatible; MSIE 6.0; Windows NT 5.1)"
125.230.67.17 - - [08/Aug/2010:01:14:57 +0000] "\x04\x01" 200 525 "-" "-"
125.230.67.17 - - [08/Aug/2010:01:14:57 +0000] "CONNECT 203.188.201.204:25 HTTP/1.0" 200 810 "-" "-"
173.203.90.149 - - [08/Aug/2010:12:35:41 +0000] "GET /judge.php HTTP/1.0" 404 2358 "-" "Mozilla/4.0 (compatible; MSIE 6.0; Windows NT 5.1)"
58.218.204.110 - - [08/Aug/2010:12:35:47 +0000] "GET http://216.245.205.74/judge.php HTTP/1.1" 404 2436 "-" "Mozilla/4.0 (compatible; MSIE 6.0; Windows NT 5.1)"
173.203.90.149 - - [08/Aug/2010:15:15:53 +0000] "OPTIONS /ticker/ HTTP/1.0" 200 355 "-" "Mozilla/5.0 (Macintosh; U; Intel Mac OS X 10_6_4; en-US) AppleWebKit/533.4 (KHTML, like Gecko) Chrome/5.0.375.125 Safari/533.4"
58.218.204.110 - - [08/Aug/2010:19:30:26 +0000] "GET http://216.245.205.74/judge.php HTTP/1.1" 404 2418 "-" "Mozilla/4.0 (compatible; MSIE 6.0; Windows NT 5.1)"
173.203.90.149 - - [08/Aug/2010:21:47:54 +0000] "OPTIONS /ticker/ HTTP/1.0" 200 355 "-" "Mozilla/5.0 (Macintosh; U; Intel Mac OS X 10.6; en-US; rv:1.9.1.10) Gecko/20100504 Firefox/3.5.10"
58.218.204.110 - - [08/Aug/2010:22:58:09 +0000] "GET http://216.245.205.74/judge.php HTTP/1.1" 404 2418 "-" "Mozilla/4.0 (compatible; MSIE 6.0; Windows NT 5.1)"
58.218.204.110 - - [09/Aug/2010:05:52:47 +0000] "GET http://216.245.205.74/judge.php HTTP/1.1" 404 2418 "-" "Mozilla/4.0 (compatible; MSIE 6.0; Windows NT 5.1)"
173.203.90.149 - - [09/Aug/2010:09:18:36 +0000] "GET /judge.php HTTP/1.0" 404 2380 "-" "Mozilla/4.0 (compatible; MSIE 6.0; Windows NT 5.1)"
125.230.67.17 - - [09/Aug/2010:21:33:45 +0000] "\x04\x01" 200 525 "-" "-"
125.230.67.17 - - [09/Aug/2010:21:33:45 +0000] "CONNECT 203.188.201.207:25 HTTP/1.0" 200 810 "-" "-"
173.203.90.149 - - [09/Aug/2010:23:05:53 +0000] "GET /judge.php HTTP/1.0" 404 2380 "-" "Mozilla/4.0 (compatible; MSIE 6.0; Windows NT 5.1)"
58.218.204.110 - - [09/Aug/2010:23:05:58 +0000] "GET http://216.245.205.74/judge.php HTTP/1.1" 404 2418 "-" "Mozilla/4.0 (compatible; MSIE 6.0; Windows NT 5.1)"
173.203.90.149 - - [10/Aug/2010:09:21:39 +0000] "GET /judge.php HTTP/1.0" 404 2380 "-" "Mozilla/4.0 (compatible; MSIE 6.0; Windows NT 5.1)"
173.203.90.149 - - [10/Aug/2010:12:47:24 +0000] "GET /judge.php HTTP/1.0" 404 2358 "-" "Mozilla/4.0 (compatible; MSIE 6.0; Windows NT 5.1)"
58.218.204.110 - - [10/Aug/2010:12:47:26 +0000] "GET http://216.245.205.74/judge.php HTTP/1.1" 404 2436 "-" "Mozilla/4.0 (compatible; MSIE 6.0; Windows NT 5.1)"
173.203.90.149 - - [11/Aug/2010:02:28:36 +0000] "GET /judge.php HTTP/1.0" 404 2380 "-" "Mozilla/4.0 (compatible; MSIE 6.0; Windows NT 5.1)"
58.218.204.110 - - [11/Aug/2010:02:28:46 +0000] "GET http://216.245.205.74/judge.php HTTP/1.1" 404 2418 "-" "Mozilla/4.0 (compatible; MSIE 6.0; Windows NT 5.1)"
173.203.90.149 - - [11/Aug/2010:05:54:29 +0000] "GET /judge.php HTTP/1.0" 404 2380 "-" "Mozilla/4.0 (compatible; MSIE 6.0; Windows NT 5.1)"
58.218.204.110 - - [11/Aug/2010:12:42:52 +0000] "GET http://216.245.205.74/judge.php HTTP/1.1" 404 2418 "-" "Mozilla/4.0 (compatible; MSIE 6.0; Windows NT 5.1)"
173.203.90.149 - - [11/Aug/2010:20:45:25 +0000] "GET /phpmyadmin/main.php HTTP/1.0" 404 2410 "-" "-"
173.203.90.149 - - [12/Aug/2010:00:27:10 +0000] "GET /imghp?hl=en&tab=wi HTTP/1.0" 404 2387 "-" "Internet Explorer 4.01"
58.218.204.110 - - [12/Aug/2010:02:23:24 +0000] "GET http://216.245.205.74/judge.php HTTP/1.1" 404 2436 "-" "Mozilla/4.0 (compatible; MSIE 6.0; Windows NT 5.1)"
173.203.90.149 - - [12/Aug/2010:06:14:58 +0000] "GET /Xplore/guesthome.jsp HTTP/1.0" 404 2418 "-" "Mozilla/4.0 (compatible; MSIE 4.01; Windows 98)"
173.203.90.149 - - [12/Aug/2010:06:33:18 +0000] "GET /Xplore/guesthome.jsp HTTP/1.0" 404 2418 "-" "Mozilla/4.0 (compatible; MSIE 4.01; Windows 98)"
58.218.204.110 - - [12/Aug/2010:09:15:00 +0000] "GET http://216.245.205.74/judge.php HTTP/1.1" 404 2436 "-" "Mozilla/4.0 (compatible; MSIE 6.0; Windows NT 5.1)"
173.203.90.149 - - [12/Aug/2010:11:55:49 +0000] "GET /Xplore/guesthome.jsp HTTP/1.0" 404 2418 "-" "Mozilla/4.0 (compatible; MSIE 4.01; Windows 98)"
173.203.90.149 - - [12/Aug/2010:15:37:57 +0000] "GET /demo/ HTTP/1.0" 302 296 "-" "Mozilla/5.0 (Macintosh; U; Intel Mac OS X 10_6_2; en-us) AppleWebKit/531.21.8 (KHTML, like Gecko) Version/4.0.4 Safari/531.21.10"
173.203.90.149 - - [12/Aug/2010:15:37:58 +0000] "GET /login/?next=/demo/ HTTP/1.0" 200 629 "-" "Mozilla/5.0 (Macintosh; U; Intel Mac OS X 10_6_2; en-us) AppleWebKit/531.21.8 (KHTML, like Gecko) Version/4.0.4 Safari/531.21.10"
173.203.90.149 - - [12/Aug/2010:16:10:41 +0000] "GET /judge.php HTTP/1.0" 404 2358 "-" "Mozilla/4.0 (compatible; MSIE 6.0; Windows NT 5.1)"
58.218.204.110 - - [12/Aug/2010:23:03:00 +0000] "GET http://216.245.205.74/judge.php HTTP/1.1" 404 2436 "-" "Mozilla/4.0 (compatible; MSIE 6.0; Windows NT 5.1)"
173.203.90.149 - - [13/Aug/2010:09:29:31 +0000] "GET /judge.php HTTP/1.0" 404 2380 "-" "Mozilla/4.0 (compatible; MSIE 6.0; Windows NT 5.1)"
58.218.204.110 - - [13/Aug/2010:23:07:40 +0000] "GET http://216.245.205.74/judge.php HTTP/1.1" 404 2418 "-" "Mozilla/4.0 (compatible; MSIE 6.0; Windows NT 5.1)"
58.218.204.110 - - [14/Aug/2010:02:28:32 +0000] "GET http://216.245.205.74/judge.php HTTP/1.1" 404 2418 "-" "Mozilla/4.0 (compatible; MSIE 6.0; Windows NT 5.1)"
173.203.90.149 - - [14/Aug/2010:02:28:49 +0000] "GET /judge.php HTTP/1.0" 404 2380 "-" "Mozilla/4.0 (compatible; MSIE 6.0; Windows NT 5.1)"
58.218.204.110 - - [14/Aug/2010:05:49:22 +0000] "GET http://216.245.205.74/judge.php HTTP/1.1" 404 2418 "-" "Mozilla/4.0 (compatible; MSIE 6.0; Windows NT 5.1)"
173.203.90.149 - - [14/Aug/2010:14:31:53 +0000] "GET /judge.php HTTP/1.0" 404 2358 "-" "Mozilla/4.0 (compatible; MSIE 6.0; Windows NT 5.1)"
173.203.90.149 - - [14/Aug/2010:15:17:58 +0000] "GET /judge.php HTTP/1.0" 404 2358 "-" "Mozilla/4.0 (compatible; MSIE 6.0; Windows NT 5.1)"
58.218.204.110 - - [14/Aug/2010:15:18:12 +0000] "GET http://216.245.205.74/judge.php HTTP/1.1" 404 2436 "-" "Mozilla/4.0 (compatible; MSIE 6.0; Windows NT 5.1)"
58.218.204.110 - - [14/Aug/2010:17:27:15 +0000] "GET http://216.245.205.74/judge.php HTTP/1.1" 404 2418 "-" "Mozilla/4.0 (compatible; MSIE 6.0; Windows NT 5.1)"
173.203.90.149 - - [14/Aug/2010:21:03:08 +0000] "GET /judge.php HTTP/1.0" 404 2380 "-" "Mozilla/4.0 (compatible; MSIE 6.0; Windows NT 5.1)"
173.203.90.149 - - [14/Aug/2010:23:08:48 +0000] "GET /judge.php HTTP/1.0" 404 2380 "-" "Mozilla/4.0 (compatible; MSIE 6.0; Windows NT 5.1)"
173.203.90.149 - - [15/Aug/2010:05:18:24 +0000] "GET /judge.php HTTP/1.0" 404 2380 "-" "Mozilla/4.0 (compatible; MSIE 6.0; Windows NT 5.1)"
173.203.90.149 - - [15/Aug/2010:09:31:33 +0000] "GET /judge.php HTTP/1.0" 404 2358 "-" "Mozilla/4.0 (compatible; MSIE 6.0; Windows NT 5.1)"
173.203.90.149 - - [15/Aug/2010:13:42:40 +0000] "GET /judge.php HTTP/1.0" 404 2380 "-" "Mozilla/4.0 (compatible; MSIE 6.0; Windows NT 5.1)"
173.203.90.149 - - [15/Aug/2010:17:26:42 +0000] "GET / HTTP/1.0" 200 629 "-" "Mozilla/5.0 (Macintosh; U; Intel Mac OS X 10_6_2; en-us) AppleWebKit/531.21.8 (KHTML, like Gecko)"
173.203.90.149 - - [15/Aug/2010:17:26:42 +0000] "GET /favicon.ico HTTP/1.0" 404 1213 "http://173.203.90.149/" "Mozilla/5.0 (Macintosh; U; Intel Mac OS X 10_6_2; en-us) AppleWebKit/531.21.8 (KHTML, like Gecko)"
125.230.68.93 - - [15/Aug/2010:22:11:19 +0000] "\x04\x01" 200 525 "-" "-"
125.230.68.93 - - [15/Aug/2010:22:11:19 +0000] "CONNECT 203.188.201.203:25 HTTP/1.0" 200 810 "-" "-"
173.203.90.149 - - [16/Aug/2010:01:30:10 +0000] "GET //phpmyadmin/config/config.inc.php?p=phpinfo(); HTTP/1.0" 404 1236 "-" "Mozilla/4.0 (compatible; MSIE 6.0; Windows 98)"
173.203.90.149 - - [16/Aug/2010:01:30:10 +0000] "GET //pma/config/config.inc.php?p=phpinfo(); HTTP/1.0" 404 1233 "-" "Mozilla/4.0 (compatible; MSIE 6.0; Windows 98)"
173.203.90.149 - - [16/Aug/2010:01:30:11 +0000] "GET //admin/config/config.inc.php?p=phpinfo(); HTTP/1.0" 404 1346 "-" "Mozilla/4.0 (compatible; MSIE 6.0; Windows 98)"
173.203.90.149 - - [16/Aug/2010:01:30:11 +0000] "GET //dbadmin/config/config.inc.php?p=phpinfo(); HTTP/1.0" 404 1234 "-" "Mozilla/4.0 (compatible; MSIE 6.0; Windows 98)"
173.203.90.149 - - [16/Aug/2010:01:30:12 +0000] "GET //mysql/config/config.inc.php?p=phpinfo(); HTTP/1.0" 404 1235 "-" "Mozilla/4.0 (compatible; MSIE 6.0; Windows 98)"
173.203.90.149 - - [16/Aug/2010:01:30:12 +0000] "GET //php-my-admin/config/config.inc.php?p=phpinfo(); HTTP/1.0" 404 1239 "-" "Mozilla/4.0 (compatible; MSIE 6.0; Windows 98)"
173.203.90.149 - - [16/Aug/2010:01:30:12 +0000] "GET //myadmin/config/config.inc.php?p=phpinfo(); HTTP/1.0" 404 1234 "-" "Mozilla/4.0 (compatible; MSIE 6.0; Windows 98)"
173.203.90.149 - - [16/Aug/2010:01:30:13 +0000] "GET //PHPMYADMIN/config/config.inc.php?p=phpinfo(); HTTP/1.0" 404 1241 "-" "Mozilla/4.0 (compatible; MSIE 6.0; Windows 98)"
173.203.90.149 - - [16/Aug/2010:01:30:13 +0000] "GET //phpMyAdmin/config/config.inc.php?p=phpinfo(); HTTP/1.0" 404 1237 "-" "Mozilla/4.0 (compatible; MSIE 6.0; Windows 98)"
173.203.90.149 - - [16/Aug/2010:01:30:13 +0000] "GET //p/m/a/config/config.inc.php?p=phpinfo(); HTTP/1.0" 404 1235 "-" "Mozilla/4.0 (compatible; MSIE 6.0; Windows 98)"
173.203.90.149 - - [16/Aug/2010:01:58:20 +0000] "GET /judge.php HTTP/1.0" 404 2380 "-" "Mozilla/4.0 (compatible; MSIE 6.0; Windows NT 5.1)"
